Bad DateTimeImmutable constructors format. Must be INT >= 32400 or string-date in format like: YYYY-MM-DD H:i:s